Archive member included because of file (symbol)

c:/program files (x86)/atmel/atmel toolchain/avr8 gcc/native/3.4.1061/avr8-gnu-toolchain/bin/../lib/gcc/avr/4.8.1/../../../../avr/lib/avr5\libm.a(addsf3.o)
                              Solder_station_v1.o (__subsf3)
c:/program files (x86)/atmel/atmel toolchain/avr8 gcc/native/3.4.1061/avr8-gnu-toolchain/bin/../lib/gcc/avr/4.8.1/../../../../avr/lib/avr5\libm.a(addsf3x.o)
                              c:/program files (x86)/atmel/atmel toolchain/avr8 gcc/native/3.4.1061/avr8-gnu-toolchain/bin/../lib/gcc/avr/4.8.1/../../../../avr/lib/avr5\libm.a(addsf3.o) (__addsf3x)
c:/program files (x86)/atmel/atmel toolchain/avr8 gcc/native/3.4.1061/avr8-gnu-toolchain/bin/../lib/gcc/avr/4.8.1/../../../../avr/lib/avr5\libm.a(cmpsf2.o)
                              Solder_station_v1.o (__ltsf2)
c:/program files (x86)/atmel/atmel toolchain/avr8 gcc/native/3.4.1061/avr8-gnu-toolchain/bin/../lib/gcc/avr/4.8.1/../../../../avr/lib/avr5\libm.a(divsf3.o)
                              Solder_station_v1.o (__divsf3)
c:/program files (x86)/atmel/atmel toolchain/avr8 gcc/native/3.4.1061/avr8-gnu-toolchain/bin/../lib/gcc/avr/4.8.1/../../../../avr/lib/avr5\libm.a(divsf3x.o)
                              c:/program files (x86)/atmel/atmel toolchain/avr8 gcc/native/3.4.1061/avr8-gnu-toolchain/bin/../lib/gcc/avr/4.8.1/../../../../avr/lib/avr5\libm.a(divsf3.o) (__divsf3x)
c:/program files (x86)/atmel/atmel toolchain/avr8 gcc/native/3.4.1061/avr8-gnu-toolchain/bin/../lib/gcc/avr/4.8.1/../../../../avr/lib/avr5\libm.a(fixsfsi.o)
                              Solder_station_v1.o (__fixsfsi)
c:/program files (x86)/atmel/atmel toolchain/avr8 gcc/native/3.4.1061/avr8-gnu-toolchain/bin/../lib/gcc/avr/4.8.1/../../../../avr/lib/avr5\libm.a(fixunssfsi.o)
                              Solder_station_v1.o (__fixunssfsi)
c:/program files (x86)/atmel/atmel toolchain/avr8 gcc/native/3.4.1061/avr8-gnu-toolchain/bin/../lib/gcc/avr/4.8.1/../../../../avr/lib/avr5\libm.a(floatsisf.o)
                              Solder_station_v1.o (__floatunsisf)
c:/program files (x86)/atmel/atmel toolchain/avr8 gcc/native/3.4.1061/avr8-gnu-toolchain/bin/../lib/gcc/avr/4.8.1/../../../../avr/lib/avr5\libm.a(fp_cmp.o)
                              c:/program files (x86)/atmel/atmel toolchain/avr8 gcc/native/3.4.1061/avr8-gnu-toolchain/bin/../lib/gcc/avr/4.8.1/../../../../avr/lib/avr5\libm.a(cmpsf2.o) (__fp_cmp)
c:/program files (x86)/atmel/atmel toolchain/avr8 gcc/native/3.4.1061/avr8-gnu-toolchain/bin/../lib/gcc/avr/4.8.1/../../../../avr/lib/avr5\libm.a(fp_inf.o)
                              c:/program files (x86)/atmel/atmel toolchain/avr8 gcc/native/3.4.1061/avr8-gnu-toolchain/bin/../lib/gcc/avr/4.8.1/../../../../avr/lib/avr5\libm.a(addsf3x.o) (__fp_inf)
c:/program files (x86)/atmel/atmel toolchain/avr8 gcc/native/3.4.1061/avr8-gnu-toolchain/bin/../lib/gcc/avr/4.8.1/../../../../avr/lib/avr5\libm.a(fp_nan.o)
                              c:/program files (x86)/atmel/atmel toolchain/avr8 gcc/native/3.4.1061/avr8-gnu-toolchain/bin/../lib/gcc/avr/4.8.1/../../../../avr/lib/avr5\libm.a(addsf3x.o) (__fp_nan)
c:/program files (x86)/atmel/atmel toolchain/avr8 gcc/native/3.4.1061/avr8-gnu-toolchain/bin/../lib/gcc/avr/4.8.1/../../../../avr/lib/avr5\libm.a(fp_pscA.o)
                              c:/program files (x86)/atmel/atmel toolchain/avr8 gcc/native/3.4.1061/avr8-gnu-toolchain/bin/../lib/gcc/avr/4.8.1/../../../../avr/lib/avr5\libm.a(addsf3x.o) (__fp_pscA)
c:/program files (x86)/atmel/atmel toolchain/avr8 gcc/native/3.4.1061/avr8-gnu-toolchain/bin/../lib/gcc/avr/4.8.1/../../../../avr/lib/avr5\libm.a(fp_pscB.o)
                              c:/program files (x86)/atmel/atmel toolchain/avr8 gcc/native/3.4.1061/avr8-gnu-toolchain/bin/../lib/gcc/avr/4.8.1/../../../../avr/lib/avr5\libm.a(addsf3x.o) (__fp_pscB)
c:/program files (x86)/atmel/atmel toolchain/avr8 gcc/native/3.4.1061/avr8-gnu-toolchain/bin/../lib/gcc/avr/4.8.1/../../../../avr/lib/avr5\libm.a(fp_round.o)
                              c:/program files (x86)/atmel/atmel toolchain/avr8 gcc/native/3.4.1061/avr8-gnu-toolchain/bin/../lib/gcc/avr/4.8.1/../../../../avr/lib/avr5\libm.a(addsf3.o) (__fp_round)
c:/program files (x86)/atmel/atmel toolchain/avr8 gcc/native/3.4.1061/avr8-gnu-toolchain/bin/../lib/gcc/avr/4.8.1/../../../../avr/lib/avr5\libm.a(fp_split3.o)
                              c:/program files (x86)/atmel/atmel toolchain/avr8 gcc/native/3.4.1061/avr8-gnu-toolchain/bin/../lib/gcc/avr/4.8.1/../../../../avr/lib/avr5\libm.a(addsf3x.o) (__fp_split3)
c:/program files (x86)/atmel/atmel toolchain/avr8 gcc/native/3.4.1061/avr8-gnu-toolchain/bin/../lib/gcc/avr/4.8.1/../../../../avr/lib/avr5\libm.a(fp_zero.o)
                              c:/program files (x86)/atmel/atmel toolchain/avr8 gcc/native/3.4.1061/avr8-gnu-toolchain/bin/../lib/gcc/avr/4.8.1/../../../../avr/lib/avr5\libm.a(addsf3x.o) (__fp_zero)
[...]
Memory Configuration

Name             Origin             Length             Attributes
text             0x00000000         0x00020000         xr
data             0x00800060         0x0000ffa0         rw !x
eeprom           0x00810000         0x00010000         rw !x
fuse             0x00820000         0x00000400         rw !x
lock             0x00830000         0x00000400         rw !x
signature        0x00840000         0x00000400         rw !x
user_signatures  0x00850000         0x00000400         rw !x
*default*        0x00000000         0xffffffff

Linker script and memory map

Address of section .data set to 0x800100
LOAD c:/program files (x86)/atmel/atmel toolchain/avr8 gcc/native/3.4.1061/avr8-gnu-toolchain/bin/../lib/gcc/avr/4.8.1/../../../../avr/lib/avr5/crtm328p.o
LOAD Solder_station_v1.o
START GROUP
LOAD c:/program files (x86)/atmel/atmel toolchain/avr8 gcc/native/3.4.1061/avr8-gnu-toolchain/bin/../lib/gcc/avr/4.8.1/../../../../avr/lib/avr5\libm.a
LOAD ../../../U8g/Debug\libU8g.a
END GROUP
LOAD c:/program files (x86)/atmel/atmel toolchain/avr8 gcc/native/3.4.1061/avr8-gnu-toolchain/bin/../lib/gcc/avr/4.8.1/avr5\libgcc.a
LOAD c:/program files (x86)/atmel/atmel toolchain/avr8 gcc/native/3.4.1061/avr8-gnu-toolchain/bin/../lib/gcc/avr/4.8.1/../../../../avr/lib/avr5\libm.a
START GROUP
LOAD c:/program files (x86)/atmel/atmel toolchain/avr8 gcc/native/3.4.1061/avr8-gnu-toolchain/bin/../lib/gcc/avr/4.8.1/avr5\libgcc.a
LOAD c:/program files (x86)/atmel/atmel toolchain/avr8 gcc/native/3.4.1061/avr8-gnu-toolchain/bin/../lib/gcc/avr/4.8.1/../../../../avr/lib/avr5\libm.a
LOAD c:/program files (x86)/atmel/atmel toolchain/avr8 gcc/native/3.4.1061/avr8-gnu-toolchain/bin/../lib/gcc/avr/4.8.1/../../../../avr/lib/avr5\libc.a
END GROUP

.hash
 *(.hash)

.dynsym
 *(.dynsym)

.dynstr
 *(.dynstr)

.gnu.version
 *(.gnu.version)

.gnu.version_d
 *(.gnu.version_d)

.gnu.version_r
 *(.gnu.version_r)

.rel.init
 *(.rel.init)

.rela.init
 *(.rela.init)

.rel.text
 *(.rel.text)
 *(.rel.text.*)
 *(.rel.gnu.linkonce.t*)

.rela.text
 *(.rela.text)
 *(.rela.text.*)
 *(.rela.gnu.linkonce.t*)

.rel.fini
 *(.rel.fini)

.rela.fini
 *(.rela.fini)

.rel.rodata
 *(.rel.rodata)
 *(.rel.rodata.*)
 *(.rel.gnu.linkonce.r*)

.rela.rodata
 *(.rela.rodata)
 *(.rela.rodata.*)
 *(.rela.gnu.linkonce.r*)

.rel.data
 *(.rel.data)
 *(.rel.data.*)
 *(.rel.gnu.linkonce.d*)

.rela.data
 *(.rela.data)
 *(.rela.data.*)
 *(.rela.gnu.linkonce.d*)

.rel.ctors
 *(.rel.ctors)

.rela.ctors
 *(.rela.ctors)

.rel.dtors
 *(.rel.dtors)

.rela.dtors
 *(.rela.dtors)

.rel.got
 *(.rel.got)

.rela.got
 *(.rela.got)

.rel.bss
 *(.rel.bss)

.rela.bss
 *(.rela.bss)

.rel.plt
 *(.rel.plt)

.rela.plt
 *(.rela.plt)

.text           0x00000000     0x6c64
 *(.vectors)
 .vectors       0x00000000       0x68 c:/program files (x86)/atmel/atmel toolchain/avr8 gcc/native/3.4.1061/avr8-gnu-toolchain/bin/../lib/gcc/avr/4.8.1/../../../../avr/lib/avr5/crtm328p.o
                0x00000000                __vector_default
                0x00000000                __vectors
 *(.vectors)
 *(.progmem.gcc*)
 .progmem.gcc_fplib
                0x00000068       0x28 c:/program files (x86)/atmel/atmel toolchain/avr8 gcc/native/3.4.1061/avr8-gnu-toolchain/bin/../lib/gcc/avr/4.8.1/../../../../avr/lib/avr5\libm.a(exp.o)
 .progmem.gcc_fplib
                0x00000090       0x5a c:/program files (x86)/atmel/atmel toolchain/avr8 gcc/native/3.4.1061/avr8-gnu-toolchain/bin/../lib/gcc/avr/4.8.1/../../../../avr/lib/avr5\libm.a(log.o)
 .progmem.gcc_sw_table.u8g_dev_pb8v1_base_fn
                0x000000ea       0x68 ../../../U8g/Debug\libU8g.a(u8g_pb8v1.o)
 .progmem.gcc_sw_table.u8g_com_atmega_hw_spi_fn
                0x00000152        0xe ../../../U8g/Debug\libU8g.a(u8g_com_atmega_hw_spi.o)
                0x00000160                . = ALIGN (0x2)
                0x00000160                __trampolines_start = .
 *(.trampolines)
 .trampolines   0x00000160        0x0 linker stubs
 *(.trampolines*)
                0x00000160                __trampolines_end = .
 *(.progmem*)
 .progmem.data.u8g_avr_port_P
                0x00000160        0x8 ../../../U8g/Debug\libU8g.a(u8g_com_io.o)
                0x00000160                u8g_avr_port_P
 .progmem.data.u8g_avr_ddr_P
                0x00000168        0x8 ../../../U8g/Debug\libU8g.a(u8g_com_io.o)
                0x00000168                u8g_avr_ddr_P
 .progmem.data.u8g_dev_ssd13xx_sleep_off
                0x00000170        0xb ../../../U8g/Debug\libU8g.a(u8g_dev_ssd1306_128x64.o)
 .progmem.data.u8g_dev_ssd13xx_sleep_on
                0x0000017b        0x9 ../../../U8g/Debug\libU8g.a(u8g_dev_ssd1306_128x64.o)
 .progmem.data.u8g_dev_ssd1306_128x64_data_start
                0x00000184        0x8 ../../../U8g/Debug\libU8g.a(u8g_dev_ssd1306_128x64.o)
 .progmem.data.u8g_dev_ssd1306_128x64_adafruit2_init_seq
                0x0000018c       0x26 ../../../U8g/Debug\libU8g.a(u8g_dev_ssd1306_128x64.o)
 .progmem.u8g_font_fur30n
                0x000001b2      0x4b1 ../../../U8g/Debug\libU8g.a(u8g_font_data.o)
                0x000001b2                u8g_font_fur30n
 .progmem.u8g_font_fur25
                0x00000663     0x2ead ../../../U8g/Debug\libU8g.a(u8g_font_data.o)
                0x00000663                u8g_font_fur25
 .progmem.u8g_font_7x13
                0x00003510      0x86d ../../../U8g/Debug\libU8g.a(u8g_font_data.o)
                0x00003510                u8g_font_7x13
                0x00003d7e                . = ALIGN (0x2)
 *fill*         0x00003d7d        0x1 
 *(.jumptables)
 *(.jumptables*)
 *(.lowtext)
 *(.lowtext*)
                0x00003d7e                __ctors_start = .
 *(.ctors)
                0x00003d7e                __ctors_end = .
                0x00003d7e                __dtors_start = .
 *(.dtors)
                0x00003d7e                __dtors_end = .
 SORT(*)(.ctors)
 SORT(*)(.dtors)
 *(.init0)
 .init0         0x00003d7e        0x0 c:/program files (x86)/atmel/atmel toolchain/avr8 gcc/native/3.4.1061/avr8-gnu-toolchain/bin/../lib/gcc/avr/4.8.1/../../../../avr/lib/avr5/crtm328p.o
                0x00003d7e                __init
 *(.init0)
 *(.init1)
 *(.init1)
 *(.init2)
 .init2         0x00003d7e        0xc c:/program files (x86)/atmel/atmel toolchain/avr8 gcc/native/3.4.1061/avr8-gnu-toolchain/bin/../lib/gcc/avr/4.8.1/../../../../avr/lib/avr5/crtm328p.o
 *(.init2)
 *(.init3)
 *(.init3)
 *(.init4)
 .init4         0x00003d8a       0x16 c:/program files (x86)/atmel/atmel toolchain/avr8 gcc/native/3.4.1061/avr8-gnu-toolchain/bin/../lib/gcc/avr/4.8.1/avr5\libgcc.a(_copy_data.o)
                0x00003d8a                __do_copy_data
 .init4         0x00003da0       0x10 c:/program files (x86)/atmel/atmel toolchain/avr8 gcc/native/3.4.1061/avr8-gnu-toolchain/bin/../lib/gcc/avr/4.8.1/avr5\libgcc.a(_clear_bss.o)
                0x00003da0                __do_clear_bss
 *(.init4)
 *(.init5)
 *(.init5)
 *(.init6)
 *(.init6)
 *(.init7)
 *(.init7)
 *(.init8)
 *(.init8)
 *(.init9)
 .init9         0x00003db0        0x8 c:/program files (x86)/atmel/atmel toolchain/avr8 gcc/native/3.4.1061/avr8-gnu-toolchain/bin/../lib/gcc/avr/4.8.1/../../../../avr/lib/avr5/crtm328p.o
 *(.init9)
 *(.text)
 .text          0x00003db8        0x4 c:/program files (x86)/atmel/atmel toolchain/avr8 gcc/native/3.4.1061/avr8-gnu-toolchain/bin/../lib/gcc/avr/4.8.1/../../../../avr/lib/avr5/crtm328p.o
                0x00003db8                __vector_22
                0x00003db8                __vector_24
                0x00003db8                __vector_12
                0x00003db8                __bad_interrupt
                0x00003db8                __vector_6
                0x00003db8                __vector_3
                0x00003db8                __vector_23
                0x00003db8                __vector_25
                0x00003db8                __vector_13
                0x00003db8                __vector_17
                0x00003db8                __vector_19
                0x00003db8                __vector_7
                0x00003db8                __vector_4
                0x00003db8                __vector_9
                0x00003db8                __vector_21
                0x00003db8                __vector_15
                0x00003db8                __vector_8
                0x00003db8                __vector_10
                0x00003db8                __vector_16
                0x00003db8                __vector_18
                0x00003db8                __vector_20
                0x00003dbc                . = ALIGN (0x2)
 *(.text.*)
 .text._Z8delay_usi
                0x00003dbc       0x1e Solder_station_v1.o
                0x00003dbc                _Z8delay_usi
 .text._Z8delay_msi
                0x00003dda       0x22 Solder_station_v1.o
                0x00003dda                _Z8delay_msi
 .text._Z11TransactSPIh
                0x00003dfc        0xc Solder_station_v1.o
                0x00003dfc                _Z11TransactSPIh
 .text._Z11power_scalev
                0x00003e08       0xf4 Solder_station_v1.o
                0x00003e08                _Z11power_scalev
 .text._Z9RWLMP8358v
                0x00003efc       0x48 Solder_station_v1.o
                0x00003efc                _Z9RWLMP8358v
 .text._Z10dsp_lookupPA2_jj
                0x00003f44      0x11a Solder_station_v1.o
                0x00003f44                _Z10dsp_lookupPA2_jj
 .text._Z11save_eepromv
                0x0000405e       0x22 Solder_station_v1.o
                0x0000405e                _Z11save_eepromv
 .text._Z9save_signv
                0x00004080       0xae Solder_station_v1.o
                0x00004080                _Z9save_signv
 .text._Z7reversePci
                0x0000412e       0x30 Solder_station_v1.o
                0x0000412e                _Z7reversePci
 .text._Z8intToStriPci
                0x0000415e       0x76 Solder_station_v1.o
                0x0000415e                _Z8intToStriPci
 .text._Z4ftoafPci
                0x000041d4       0xda Solder_station_v1.o
                0x000041d4                _Z4ftoafPci
 .text._Z9u8g_setupv
                0x000042ae       0x36 Solder_station_v1.o
                0x000042ae                _Z9u8g_setupv
 .text._Z5setupv
                0x000042e4       0x6a Solder_station_v1.o
                0x000042e4                _Z5setupv
 .text.main     0x0000434e      0x842 Solder_station_v1.o
                0x0000434e                main
 .text.__vector_11
                0x00004b90      0x502 Solder_station_v1.o
                0x00004b90                __vector_11
 .text.__vector_14
                0x00005092       0x88 Solder_station_v1.o
                0x00005092                __vector_14
 .text.__vector_1
                0x0000511a       0xcc Solder_station_v1.o
                0x0000511a                __vector_1
 .text.__vector_2
                0x000051e6       0xcc Solder_station_v1.o
                0x000051e6                __vector_2
 .text.__vector_5
                0x000052b2       0x50 Solder_station_v1.o
                0x000052b2                __vector_5
 .text.avr-libc.fplib
                0x00005302        0xa c:/program files (x86)/atmel/atmel toolchain/avr8 gcc/native/3.4.1061/avr8-gnu-toolchain/bin/../lib/gcc/avr/4.8.1/../../../../avr/lib/avr5\libm.a(addsf3.o)
                0x00005302                __subsf3
                0x00005304                __addsf3
 .text.avr-libc.fplib
                0x0000530c       0xc0 c:/program files (x86)/atmel/atmel toolchain/avr8 gcc/native/3.4.1061/avr8-gnu-toolchain/bin/../lib/gcc/avr/4.8.1/../../../../avr/lib/avr5\libm.a(addsf3x.o)
                0x00005326                __addsf3x
 .text.avr-libc.fplib
                0x000053cc        0x8 c:/program files (x86)/atmel/atmel toolchain/avr8 gcc/native/3.4.1061/avr8-gnu-toolchain/bin/../lib/gcc/avr/4.8.1/../../../../avr/lib/avr5\libm.a(cmpsf2.o)
                0x000053cc                __nesf2
                0x000053cc                __eqsf2
                0x000053cc                __cmpsf2
                0x000053cc                __ltsf2
                0x000053cc                __lesf2
 .text.avr-libc.fplib
                0x000053d4        0x4 c:/program files (x86)/atmel/atmel toolchain/avr8 gcc/native/3.4.1061/avr8-gnu-toolchain/bin/../lib/gcc/avr/4.8.1/../../../../avr/lib/avr5\libm.a(divsf3.o)
                0x000053d4                __divsf3
 .text.avr-libc.fplib
                0x000053d8       0xcc c:/program files (x86)/atmel/atmel toolchain/avr8 gcc/native/3.4.1061/avr8-gnu-toolchain/bin/../lib/gcc/avr/4.8.1/../../../../avr/lib/avr5\libm.a(divsf3x.o)
                0x000053ee                __divsf3x
                0x000053f2                __divsf3_pse
 .text.avr-libc.fplib
                0x000054a4        0xa c:/program files (x86)/atmel/atmel toolchain/avr8 gcc/native/3.4.1061/avr8-gnu-toolchain/bin/../lib/gcc/avr/4.8.1/../../../../avr/lib/avr5\libm.a(fixsfsi.o)
                0x000054a4                __fixsfsi
 .text.avr-libc.fplib
                0x000054ae       0x58 c:/program files (x86)/atmel/atmel toolchain/avr8 gcc/native/3.4.1061/avr8-gnu-toolchain/bin/../lib/gcc/avr/4.8.1/../../../../avr/lib/avr5\libm.a(fixunssfsi.o)
                0x000054ae                __fixunssfsi
 .text.avr-libc.fplib
                0x00005506       0x7a c:/program files (x86)/atmel/atmel toolchain/avr8 gcc/native/3.4.1061/avr8-gnu-toolchain/bin/../lib/gcc/avr/4.8.1/../../../../avr/lib/avr5\libm.a(floatsisf.o)
                0x00005506                __floatunsisf
                0x0000550a                __floatsisf
 .text.avr-libc.fplib
                0x00005580       0x48 c:/program files (x86)/atmel/atmel toolchain/avr8 gcc/native/3.4.1061/avr8-gnu-toolchain/bin/../lib/gcc/avr/4.8.1/../../../../avr/lib/avr5\libm.a(fp_cmp.o)
                0x00005580                __fp_cmp
 .text.avr-libc.fplib
                0x000055c8        0xc c:/program files (x86)/atmel/atmel toolchain/avr8 gcc/native/3.4.1061/avr8-gnu-toolchain/bin/../lib/gcc/avr/4.8.1/../../../../avr/lib/avr5\libm.a(fp_inf.o)
                0x000055c8                __fp_inf
 .text.avr-libc.fplib
                0x000055d4        0x6 c:/program files (x86)/atmel/atmel toolchain/avr8 gcc/native/3.4.1061/avr8-gnu-toolchain/bin/../lib/gcc/avr/4.8.1/../../../../avr/lib/avr5\libm.a(fp_nan.o)
                0x000055d4                __fp_nan
 .text.avr-libc.fplib
                0x000055da        0xe c:/program files (x86)/atmel/atmel toolchain/avr8 gcc/native/3.4.1061/avr8-gnu-toolchain/bin/../lib/gcc/avr/4.8.1/../../../../avr/lib/avr5\libm.a(fp_pscA.o)
                0x000055da                __fp_pscA
 .text.avr-libc.fplib
                0x000055e8        0xe c:/program files (x86)/atmel/atmel toolchain/avr8 gcc/native/3.4.1061/avr8-gnu-toolchain/bin/../lib/gcc/avr/4.8.1/../../../../avr/lib/avr5\libm.a(fp_pscB.o)
                0x000055e8                __fp_pscB
 .text.avr-libc.fplib
                0x000055f6       0x22 c:/program files (x86)/atmel/atmel toolchain/avr8 gcc/native/3.4.1061/avr8-gnu-toolchain/bin/../lib/gcc/avr/4.8.1/../../../../avr/lib/avr5\libm.a(fp_round.o)
                0x000055f6                __fp_round
 .text.avr-libc.fplib
                0x00005618       0x44 c:/program files (x86)/atmel/atmel toolchain/avr8 gcc/native/3.4.1061/avr8-gnu-toolchain/bin/../lib/gcc/avr/4.8.1/../../../../avr/lib/avr5\libm.a(fp_split3.o)
                0x00005618                __fp_split3
                0x00005628                __fp_splitA
 .text.avr-libc.fplib
                0x0000565c        0xe c:/program files (x86)/atmel/atmel toolchain/avr8 gcc/native/3.4.1061/avr8-gnu-toolchain/bin/../lib/gcc/avr/4.8.1/../../../../avr/lib/avr5\libm.a(fp_zero.o)
                0x0000565c                __fp_zero
                0x0000565e                __fp_szero
 .text.avr-libc.fplib
                0x0000566a        0x8 c:/program files (x86)/atmel/atmel toolchain/avr8 gcc/native/3.4.1061/avr8-gnu-toolchain/bin/../lib/gcc/avr/4.8.1/../../../../avr/lib/avr5\libm.a(gesf2.o)
                0x0000566a                __gesf2
                0x0000566a                __gtsf2
 .text.avr-libc.fplib
                0x00005672        0x4 c:/program files (x86)/atmel/atmel toolchain/avr8 gcc/native/3.4.1061/avr8-gnu-toolchain/bin/../lib/gcc/avr/4.8.1/../../../../avr/lib/avr5\libm.a(mulsf3.o)
                0x00005672                __mulsf3
 .text.avr-libc.fplib
                0x00005676       0xc2 c:/program files (x86)/atmel/atmel toolchain/avr8 gcc/native/3.4.1061/avr8-gnu-toolchain/bin/../lib/gcc/avr/4.8.1/../../../../avr/lib/avr5\libm.a(mulsf3x.o)
                0x0000568a                __mulsf3x
                0x0000568e                __mulsf3_pse
 .text.avr-libc.fplib
                0x00005738       0x98 c:/program files (x86)/atmel/atmel toolchain/avr8 gcc/native/3.4.1061/avr8-gnu-toolchain/bin/../lib/gcc/avr/4.8.1/../../../../avr/lib/avr5\libm.a(pow.o)
                0x00005738                pow
 .text.avr-libc.fplib
                0x000057d0       0x40 c:/program files (x86)/atmel/atmel toolchain/avr8 gcc/native/3.4.1061/avr8-gnu-toolchain/bin/../lib/gcc/avr/4.8.1/../../../../avr/lib/avr5\libm.a(round.o)
                0x000057d0                round
 .text.avr-libc.fplib
                0x00005810       0x62 c:/program files (x86)/atmel/atmel toolchain/avr8 gcc/native/3.4.1061/avr8-gnu-toolchain/bin/../lib/gcc/avr/4.8.1/../../../../avr/lib/avr5\libm.a(exp.o)
                0x0000581a                exp
 .text.avr-libc.fplib
                0x00005872       0x36 c:/program files (x86)/atmel/atmel toolchain/avr8 gcc/native/3.4.1061/avr8-gnu-toolchain/bin/../lib/gcc/avr/4.8.1/../../../../avr/lib/avr5\libm.a(fp_mintl.o)
                0x00005872                __fp_mintl
 .text.avr-libc.fplib
                0x000058a8       0x1c c:/program files (x86)/atmel/atmel toolchain/avr8 gcc/native/3.4.1061/avr8-gnu-toolchain/bin/../lib/gcc/avr/4.8.1/../../../../avr/lib/avr5\libm.a(fp_mpack.o)
                0x000058a8                __fp_mpack
                0x000058ac                __fp_mpack_finite
 .text.avr-libc.fplib
                0x000058c4       0x4a c:/program files (x86)/atmel/atmel toolchain/avr8 gcc/native/3.4.1061/avr8-gnu-toolchain/bin/../lib/gcc/avr/4.8.1/../../../../avr/lib/avr5\libm.a(fp_powser.o)
                0x000058c4                __fp_powser
 .text.avr-libc.fplib
                0x0000590e        0xe c:/program files (x86)/atmel/atmel toolchain/avr8 gcc/native/3.4.1061/avr8-gnu-toolchain/bin/../lib/gcc/avr/4.8.1/../../../../avr/lib/avr5\libm.a(inverse.o)
                0x0000590e                inverse
 .text.avr-libc.fplib
                0x0000591c       0x6c c:/program files (x86)/atmel/atmel toolchain/avr8 gcc/native/3.4.1061/avr8-gnu-toolchain/bin/../lib/gcc/avr/4.8.1/../../../../avr/lib/avr5\libm.a(ldexp.o)
                0x00005920                ldexp
 .text.avr-libc.fplib
                0x00005988       0x8a c:/program files (x86)/atmel/atmel toolchain/avr8 gcc/native/3.4.1061/avr8-gnu-toolchain/bin/../lib/gcc/avr/4.8.1/../../../../avr/lib/avr5\libm.a(log.o)
                0x00005992                log
 .text.avr-libc.fplib
                0x00005a12       0x66 c:/program files (x86)/atmel/atmel toolchain/avr8 gcc/native/3.4.1061/avr8-gnu-toolchain/bin/../lib/gcc/avr/4.8.1/../../../../avr/lib/avr5\libm.a(modf.o)
                0x00005a12                modf
                0x00005a12                modff
 .text.u8g_Pin  0x00005a78        0xa ../../../U8g/Debug\libU8g.a(u8g_com_io.o)
                0x00005a78                u8g_Pin
 .text.u8g_SetPIOutput
                0x00005a82       0x5a ../../../U8g/Debug\libU8g.a(u8g_com_io.o)
                0x00005a82                u8g_SetPIOutput
 .text.u8g_SetPILevel
                0x00005adc       0x94 ../../../U8g/Debug\libU8g.a(u8g_com_io.o)
                0x00005adc                u8g_SetPILevel
 .text.u8g_Delay
                0x00005b70       0x16 ../../../U8g/Debug\libU8g.a(u8g_delay.o)
                0x00005b70                u8g_Delay
 .text.u8g_dev_ssd1306_128x64_fn
                0x00005b86       0xf8 ../../../U8g/Debug\libU8g.a(u8g_dev_ssd1306_128x64.o)
                0x00005b86                u8g_dev_ssd1306_128x64_fn
 .text.u8g_font_get_word
                0x00005c7e       0x18 ../../../U8g/Debug\libU8g.a(u8g_font.o)
 .text.u8g_font_GetFormat
                0x00005c96        0x6 ../../../U8g/Debug\libU8g.a(u8g_font.o)
 .text.u8g_font_GetFontGlyphStructureSize
                0x00005c9c       0x14 ../../../U8g/Debug\libU8g.a(u8g_font.o)
 .text.u8g_font_calc_vref_font
                0x00005cb0        0x4 ../../../U8g/Debug\libU8g.a(u8g_font.o)
                0x00005cb0                u8g_font_calc_vref_font
 .text.u8g_font_GetEncoding65Pos
                0x00005cb4        0x6 ../../../U8g/Debug\libU8g.a(u8g_font.o)
                0x00005cb4                u8g_font_GetEncoding65Pos
 .text.u8g_font_GetEncoding97Pos
                0x00005cba        0x6 ../../../U8g/Debug\libU8g.a(u8g_font.o)
                0x00005cba                u8g_font_GetEncoding97Pos
 .text.u8g_font_GetFontStartEncoding
                0x00005cc0        0x8 ../../../U8g/Debug\libU8g.a(u8g_font.o)
                0x00005cc0                u8g_font_GetFontStartEncoding
 .text.u8g_font_GetFontEndEncoding
                0x00005cc8        0x8 ../../../U8g/Debug\libU8g.a(u8g_font.o)
                0x00005cc8                u8g_font_GetFontEndEncoding
 .text.u8g_GetGlyph
                0x00005cd0      0x1b6 ../../../U8g/Debug\libU8g.a(u8g_font.o)
                0x00005cd0                u8g_GetGlyph
 .text.u8g_draw_glyph
                0x00005e86       0xd6 ../../../U8g/Debug\libU8g.a(u8g_font.o)
                0x00005e86                u8g_draw_glyph
 .text.u8g_DrawStr
                0x00005f5c       0x58 ../../../U8g/Debug\libU8g.a(u8g_font.o)
                0x00005f5c                u8g_DrawStr
 .text.u8g_SetFontPosBaseline
                0x00005fb4        0xc ../../../U8g/Debug\libU8g.a(u8g_font.o)
                0x00005fb4                u8g_SetFontPosBaseline
 .text.u8g_SetFont
                0x00005fc0       0xa4 ../../../U8g/Debug\libU8g.a(u8g_font.o)
                0x00005fc0                u8g_SetFont
 .text.u8g_DrawLine
                0x00006064       0xde ../../../U8g/Debug\libU8g.a(u8g_line.o)
                0x00006064                u8g_DrawLine
 .text.u8g_InitHWSPI
                0x00006142      0x170 ../../../U8g/Debug\libU8g.a(u8g_ll_api.o)
                0x00006142                u8g_InitHWSPI
 .text.u8g_FirstPage
                0x000062b2       0x54 ../../../U8g/Debug\libU8g.a(u8g_ll_api.o)
                0x000062b2                u8g_FirstPage
 .text.u8g_NextPage
                0x00006306       0x6c ../../../U8g/Debug\libU8g.a(u8g_ll_api.o)
                0x00006306                u8g_NextPage
 .text.u8g_DrawPixel
                0x00006372       0x1c ../../../U8g/Debug\libU8g.a(u8g_ll_api.o)
                0x00006372                u8g_DrawPixel
 .text.u8g_Draw8Pixel
                0x0000638e       0x3c ../../../U8g/Debug\libU8g.a(u8g_ll_api.o)
                0x0000638e                u8g_Draw8Pixel
 .text.u8g_pb_Clear
                0x000063ca       0x12 ../../../U8g/Debug\libU8g.a(u8g_pb.o)
                0x000063ca                u8g_pb_Clear
 .text.u8g_pb_GetPageBox
                0x000063dc       0x20 ../../../U8g/Debug\libU8g.a(u8g_pb.o)
                0x000063dc                u8g_pb_GetPageBox
 .text.u8g_pb_Is8PixelVisible
                0x000063fc       0x5e ../../../U8g/Debug\libU8g.a(u8g_pb.o)
                0x000063fc                u8g_pb_Is8PixelVisible
 .text.u8g_pb_WriteBuffer
                0x0000645a       0x10 ../../../U8g/Debug\libU8g.a(u8g_pb.o)
                0x0000645a                u8g_pb_WriteBuffer
 .text.u8g_pb8v1_set_pixel
                0x0000646a       0x3a ../../../U8g/Debug\libU8g.a(u8g_pb8v1.o)
                0x0000646a                u8g_pb8v1_set_pixel
 .text.u8g_pb8v1_SetPixel
                0x000064a4       0x2a ../../../U8g/Debug\libU8g.a(u8g_pb8v1.o)
                0x000064a4                u8g_pb8v1_SetPixel
 .text.u8g_dev_pb8v1_base_fn
                0x000064ce      0x12e ../../../U8g/Debug\libU8g.a(u8g_pb8v1.o)
                0x000064ce                u8g_dev_pb8v1_base_fn
 .text.u8g_DrawHLine
                0x000065fc       0x9e ../../../U8g/Debug\libU8g.a(u8g_rect.o)
                0x000065fc                u8g_DrawHLine
 .text.u8g_DrawVLine
                0x0000669a       0xa0 ../../../U8g/Debug\libU8g.a(u8g_rect.o)
                0x0000669a                u8g_DrawVLine
 .text.u8g_draw_box
                0x0000673a       0xc4 ../../../U8g/Debug\libU8g.a(u8g_rect.o)
                0x0000673a                u8g_draw_box
 .text.u8g_DrawBox
                0x000067fe       0x3a ../../../U8g/Debug\libU8g.a(u8g_rect.o)
                0x000067fe                u8g_DrawBox
 .text.u8g_state_dummy_cb
                0x00006838        0x2 ../../../U8g/Debug\libU8g.a(u8g_state.o)
                0x00006838                u8g_state_dummy_cb
 .text.u8g_IsBBXIntersection
                0x0000683a       0x46 ../../../U8g/Debug\libU8g.a(u8g_clip.o)
                0x0000683a                u8g_IsBBXIntersection
 .text.u8g_InitCom
                0x00006880       0x12 ../../../U8g/Debug\libU8g.a(u8g_com_api.o)
                0x00006880                u8g_InitCom
 .text.u8g_SetChipSelect
                0x00006892       0x12 ../../../U8g/Debug\libU8g.a(u8g_com_api.o)
                0x00006892                u8g_SetChipSelect
 .text.u8g_SetAddress
                0x000068a4       0x12 ../../../U8g/Debug\libU8g.a(u8g_com_api.o)
                0x000068a4                u8g_SetAddress
 .text.u8g_WriteByte
                0x000068b6       0x12 ../../../U8g/Debug\libU8g.a(u8g_com_api.o)
                0x000068b6                u8g_WriteByte
 .text.u8g_WriteSequence
                0x000068c8        0xe ../../../U8g/Debug\libU8g.a(u8g_com_api.o)
                0x000068c8                u8g_WriteSequence
 .text.u8g_WriteEscSeqP
                0x000068d6      0x13e ../../../U8g/Debug\libU8g.a(u8g_com_api.o)
                0x000068d6                u8g_WriteEscSeqP
 .text.u8g_com_atmega_hw_spi_fn
                0x00006a14      0x106 ../../../U8g/Debug\libU8g.a(u8g_com_atmega_hw_spi.o)
                0x00006a14                u8g_com_atmega_hw_spi_fn
 .text.u8g_page_First
                0x00006b1a        0xe ../../../U8g/Debug\libU8g.a(u8g_page.o)
                0x00006b1a                u8g_page_First
 .text.u8g_page_Next
                0x00006b28       0x2c ../../../U8g/Debug\libU8g.a(u8g_page.o)
                0x00006b28                u8g_page_Next
 .text.libgcc.div
                0x00006b54       0x28 c:/program files (x86)/atmel/atmel toolchain/avr8 gcc/native/3.4.1061/avr8-gnu-toolchain/bin/../lib/gcc/avr/4.8.1/avr5\libgcc.a(_divmodhi4.o)
                0x00006b54                _div
                0x00006b54                __divmodhi4
 .text.libgcc   0x00006b7c        0xc c:/program files (x86)/atmel/atmel toolchain/avr8 gcc/native/3.4.1061/avr8-gnu-toolchain/bin/../lib/gcc/avr/4.8.1/avr5\libgcc.a(_tablejump.o)
                0x00006b7c                __tablejump2__
                0x00006b80                __tablejump__
 .text.libgcc.mul
                0x00006b88       0x1e c:/program files (x86)/atmel/atmel toolchain/avr8 gcc/native/3.4.1061/avr8-gnu-toolchain/bin/../lib/gcc/avr/4.8.1/avr5\libgcc.a(_umulhisi3.o)
                0x00006b88                __umulhisi3
 .text.libgcc.mul
                0x00006ba6       0x16 c:/program files (x86)/atmel/atmel toolchain/avr8 gcc/native/3.4.1061/avr8-gnu-toolchain/bin/../lib/gcc/avr/4.8.1/avr5\libgcc.a(_muluhisi3.o)
                0x00006ba6                __muluhisi3
 .text.libgcc.div
                0x00006bbc       0x28 c:/program files (x86)/atmel/atmel toolchain/avr8 gcc/native/3.4.1061/avr8-gnu-toolchain/bin/../lib/gcc/avr/4.8.1/avr5\libgcc.a(_udivmodhi4.o)
                0x00006bbc                __udivmodhi4
 .text.avr-libc
                0x00006be4       0x12 c:/program files (x86)/atmel/atmel toolchain/avr8 gcc/native/3.4.1061/avr8-gnu-toolchain/bin/../lib/gcc/avr/4.8.1/../../../../avr/lib/avr5\libc.a(memcpy_P.o)
                0x00006be4                memcpy_P
 .text.avr-libc
                0x00006bf6        0xe c:/program files (x86)/atmel/atmel toolchain/avr8 gcc/native/3.4.1061/avr8-gnu-toolchain/bin/../lib/gcc/avr/4.8.1/../../../../avr/lib/avr5\libc.a(memset.o)
                0x00006bf6                memset
 .text.avr-libc
                0x00006c04        0xc c:/program files (x86)/atmel/atmel toolchain/avr8 gcc/native/3.4.1061/avr8-gnu-toolchain/bin/../lib/gcc/avr/4.8.1/../../../../avr/lib/avr5\libc.a(eerd_word_atmega328p.o)
                0x00006c04                __eerd_word_m328p
 .text.avr-libc
                0x00006c10        0xc c:/program files (x86)/atmel/atmel toolchain/avr8 gcc/native/3.4.1061/avr8-gnu-toolchain/bin/../lib/gcc/avr/4.8.1/../../../../avr/lib/avr5\libc.a(eeupd_word_atmega328p.o)
                0x00006c10                __eeupd_word_m328p
 .text.avr-libc
                0x00006c1c       0x20 c:/program files (x86)/atmel/atmel toolchain/avr8 gcc/native/3.4.1061/avr8-gnu-toolchain/bin/../lib/gcc/avr/4.8.1/../../../../avr/lib/avr5\libc.a(eerd_block_atmega328p.o)
                0x00006c1c                __eerd_block_m328p
                0x00006c20                __eerd_blraw_m328p
 .text.avr-libc
                0x00006c3c       0x24 c:/program files (x86)/atmel/atmel toolchain/avr8 gcc/native/3.4.1061/avr8-gnu-toolchain/bin/../lib/gcc/avr/4.8.1/../../../../avr/lib/avr5\libc.a(eeupd_byte_atmega328p.o)
                0x00006c3c                __eeupd_byte_m328p
                0x00006c3e                __eeupd_r18_m328p
                0x00006c60                . = ALIGN (0x2)
 *(.fini9)
 .fini9         0x00006c60        0x0 c:/program files (x86)/atmel/atmel toolchain/avr8 gcc/native/3.4.1061/avr8-gnu-toolchain/bin/../lib/gcc/avr/4.8.1/avr5\libgcc.a(_exit.o)
                0x00006c60                _exit
                0x00006c60                exit
 *(.fini9)
 *(.fini8)
 *(.fini8)
 *(.fini7)
 *(.fini7)
 *(.fini6)
 *(.fini6)
 *(.fini5)
 *(.fini5)
 *(.fini4)
 *(.fini4)
 *(.fini3)
 *(.fini3)
 *(.fini2)
 *(.fini2)
 *(.fini1)
 *(.fini1)
 *(.fini0)
 .fini0         0x00006c60        0x4 c:/program files (x86)/atmel/atmel toolchain/avr8 gcc/native/3.4.1061/avr8-gnu-toolchain/bin/../lib/gcc/avr/4.8.1/avr5\libgcc.a(_exit.o)
 *(.fini0)
                0x00006c64                _etext = .

.data           0x00800100       0x86 load address 0x00006c64
                0x00800100                PROVIDE (__data_start, .)
 *(.data)
 *(.data*)
 .data.IrRh500amp
                0x00800100       0x50 Solder_station_v1.o
                0x00800100                IrRh500amp
 .data.saved    0x00800150        0x1 Solder_station_v1.o
                0x00800150                saved
 .data.MAXIMUM_DUTY
                0x00800151        0x2 Solder_station_v1.o
                0x00800151                MAXIMUM_DUTY
 .data.u8g_dev_ssd1306_128x64_hw_spi
                0x00800153        0x6 ../../../U8g/Debug\libU8g.a(u8g_dev_ssd1306_128x64.o)
                0x00800153                u8g_dev_ssd1306_128x64_hw_spi
 .data.u8g_dev_ssd1306_128x64_hw_spi_pb
                0x00800159        0x8 ../../../U8g/Debug\libU8g.a(u8g_dev_ssd1306_128x64.o)
                0x00800159                u8g_dev_ssd1306_128x64_hw_spi_pb
 *(.rodata)
 *(.rodata*)
 .rodata.str1.1
                0x00800161       0x13 Solder_station_v1.o
 .rodata._ZL7enc_LUT
                0x00800174       0x11 Solder_station_v1.o
 *(.gnu.linkonce.d*)
                0x00800186                . = ALIGN (0x2)
 *fill*         0x00800185        0x1 
                0x00800186                _edata = .
                0x00800186                PROVIDE (__data_end, .)

.bss            0x00800186      0x1b6
                0x00800186                PROVIDE (__bss_start, .)
 *(.bss)
 *(.bss*)
 .bss.TARGET_TEMPERATUREgah
                0x00800186        0x2 Solder_station_v1.o
                0x00800186                TARGET_TEMPERATUREgah
 .bss.temperature_valuegah
                0x00800188        0x4 Solder_station_v1.o
                0x00800188                temperature_valuegah
 .bss.power_valuegah
                0x0080018c        0x4 Solder_station_v1.o
                0x0080018c                power_valuegah
 .bss.power_value
                0x00800190        0x4 Solder_station_v1.o
                0x00800190                power_value
 .bss.voltage_value
                0x00800194        0x4 Solder_station_v1.o
                0x00800194                voltage_value
 .bss.current_value
                0x00800198        0x4 Solder_station_v1.o
                0x00800198                current_value
 .bss.WRONG_AMPLIFICATION
                0x0080019c        0x1 Solder_station_v1.o
                0x0080019c                WRONG_AMPLIFICATION
 .bss.spi_test  0x0080019d        0x1 Solder_station_v1.o
                0x0080019d                spi_test
 .bss.saved_temp_temp
                0x0080019e        0x2 Solder_station_v1.o
                0x0080019e                saved_temp_temp
 .bss.voltage_adc1
                0x008001a0        0x2 Solder_station_v1.o
                0x008001a0                voltage_adc1
 .bss.voltage_adc
                0x008001a2        0x2 Solder_station_v1.o
                0x008001a2                voltage_adc
 .bss.current_adc1
                0x008001a4        0x2 Solder_station_v1.o
                0x008001a4                current_adc1
 .bss.current_adc
                0x008001a6        0x2 Solder_station_v1.o
                0x008001a6                current_adc
 .bss.m         0x008001a8        0x4 Solder_station_v1.o
                0x008001a8                m
 .bss.iji       0x008001ac        0x2 Solder_station_v1.o
                0x008001ac                iji
 .bss.temperature_value
                0x008001ae        0x4 Solder_station_v1.o
                0x008001ae                temperature_value
 .bss.speaker_now
                0x008001b2        0x1 Solder_station_v1.o
                0x008001b2                speaker_now
 .bss.temp_value
                0x008001b3        0x1 Solder_station_v1.o
                0x008001b3                temp_value
 .bss.saved_sign
                0x008001b4        0x1 Solder_station_v1.o
                0x008001b4                saved_sign
 .bss.save_time
                0x008001b5        0x1 Solder_station_v1.o
                0x008001b5                save_time
 .bss.show_time
                0x008001b6        0x1 Solder_station_v1.o
                0x008001b6                show_time
 .bss.show_temp
                0x008001b7        0x1 Solder_station_v1.o
                0x008001b7                show_temp
 .bss.clicked   0x008001b8        0x1 Solder_station_v1.o
                0x008001b8                clicked
 .bss.keep_heater_off
                0x008001b9        0x1 Solder_station_v1.o
                0x008001b9                keep_heater_off
 .bss.disconnected
                0x008001ba        0x1 Solder_station_v1.o
                0x008001ba                disconnected
 .bss.cmd_pulse
                0x008001bb        0x1 Solder_station_v1.o
                0x008001bb                cmd_pulse
 .bss.temperature_adc_mean
                0x008001bc        0x2 Solder_station_v1.o
                0x008001bc                temperature_adc_mean
 .bss.TARGET_TEMPERATURE
                0x008001be        0x2 Solder_station_v1.o
                0x008001be                TARGET_TEMPERATURE
 .bss.duty      0x008001c0        0x2 Solder_station_v1.o
                0x008001c0                duty
 .bss.timer_1s  0x008001c2        0x2 Solder_station_v1.o
                0x008001c2                timer_1s
 .bss.seconds   0x008001c4        0x2 Solder_station_v1.o
                0x008001c4                seconds
 .bss.I_err     0x008001c6        0x4 Solder_station_v1.o
                0x008001c6                I_err
 .bss.mean_I_error
                0x008001ca        0x4 Solder_station_v1.o
                0x008001ca                mean_I_error
 .bss.mean_I_err
                0x008001ce       0xa0 Solder_station_v1.o
                0x008001ce                mean_I_err
 .bss.D_err     0x0080026e        0x4 Solder_station_v1.o
                0x0080026e                D_err
 .bss.P_err     0x00800272        0x4 Solder_station_v1.o
                0x00800272                P_err
 .bss.err_old   0x00800276        0x4 Solder_station_v1.o
                0x00800276                err_old
 .bss.err       0x0080027a        0x4 Solder_station_v1.o
                0x0080027a                err
 .bss.PID       0x0080027e        0x4 Solder_station_v1.o
                0x0080027e                PID
 .bss._ZL9old_click
                0x00800282        0x1 Solder_station_v1.o
 .bss._ZL6old_AB
                0x00800283        0x1 Solder_station_v1.o
 .bss.u8g       0x00800284       0x37 Solder_station_v1.o
                0x00800284                u8g
 .bss.u8g_dev_ssd1306_128x64_hw_spi_buf
                0x008002bb       0x80 ../../../U8g/Debug\libU8g.a(u8g_dev_ssd1306_128x64.o)
                0x008002bb                u8g_dev_ssd1306_128x64_hw_spi_buf
 *(COMMON)
 COMMON         0x0080033b        0x1 ../../../U8g/Debug\libU8g.a(u8g_state.o)
                0x0080033b                global_SREG_backup
                0x0080033c                PROVIDE (__bss_end, .)
                0x00006c64                __data_load_start = LOADADDR (.data)
                0x00006cea                __data_load_end = (__data_load_start + SIZEOF (.data))

.noinit         0x0080033c        0x0
                0x0080033c                PROVIDE (__noinit_start, .)
 *(.noinit*)
                0x0080033c                PROVIDE (__noinit_end, .)
                0x0080033c                _end = .
                0x0080033c                PROVIDE (__heap_start, .)

.eeprom         0x00810000        0x2
 *(.eeprom*)
 .eeprom        0x00810000        0x2 Solder_station_v1.o
                0x00810000                saved_temperature
                0x00810002                __eeprom_end = .

.fuse
 *(.fuse)
 *(.lfuse)
 *(.hfuse)
 *(.efuse)

.lock
 *(.lock*)

.signature
 *(.signature*)

.user_signatures
 *(.user_signatures*)

.stab
 *(.stab)

.stabstr
 *(.stabstr)

.stab.excl
 *(.stab.excl)

.stab.exclstr
 *(.stab.exclstr)

.stab.index
 *(.stab.index)

.stab.indexstr
 *(.stab.indexstr)

.comment        0x00000000       0x30
 *(.comment)
 .comment       0x00000000       0x30 Solder_station_v1.o
                                 0x31 (size before relaxing)
 .comment       0x00000000       0x31 ../../../U8g/Debug\libU8g.a(u8g_com_io.o)
 .comment       0x00000000       0x31 ../../../U8g/Debug\libU8g.a(u8g_delay.o)
 .comment       0x00000000       0x31 ../../../U8g/Debug\libU8g.a(u8g_dev_ssd1306_128x64.o)
 .comment       0x00000000       0x31 ../../../U8g/Debug\libU8g.a(u8g_font.o)
 .comment       0x00000000       0x31 ../../../U8g/Debug\libU8g.a(u8g_font_data.o)
 .comment       0x00000000       0x31 ../../../U8g/Debug\libU8g.a(u8g_line.o)
 .comment       0x00000000       0x31 ../../../U8g/Debug\libU8g.a(u8g_ll_api.o)
 .comment       0x00000000       0x31 ../../../U8g/Debug\libU8g.a(u8g_pb.o)
 .comment       0x00000000       0x31 ../../../U8g/Debug\libU8g.a(u8g_pb8v1.o)
 .comment       0x00000000       0x31 ../../../U8g/Debug\libU8g.a(u8g_rect.o)
 .comment       0x00000000       0x31 ../../../U8g/Debug\libU8g.a(u8g_state.o)
 .comment       0x00000000       0x31 ../../../U8g/Debug\libU8g.a(u8g_clip.o)
 .comment       0x00000000       0x31 ../../../U8g/Debug\libU8g.a(u8g_com_api.o)
 .comment       0x00000000       0x31 ../../../U8g/Debug\libU8g.a(u8g_com_atmega_hw_spi.o)
 .comment       0x00000000       0x31 ../../../U8g/Debug\libU8g.a(u8g_page.o)

.note.gnu.build-id
 *(.note.gnu.build-id)

.debug
 *(.debug)

.line
 *(.line)

.debug_srcinfo
 *(.debug_srcinfo)

.debug_sfnames
 *(.debug_sfnames)

.debug_aranges  0x00000000      0x770
 *(.debug_aranges)
 .debug_aranges
                0x00000000       0xc0 Solder_station_v1.o
 .debug_aranges
                0x000000c0       0x50 ../../../U8g/Debug\libU8g.a(u8g_com_io.o)
 .debug_aranges
                0x00000110       0x30 ../../../U8g/Debug\libU8g.a(u8g_delay.o)
 .debug_aranges
                0x00000140       0x40 ../../../U8g/Debug\libU8g.a(u8g_dev_ssd1306_128x64.o)
 .debug_aranges
                0x00000180      0x258 ../../../U8g/Debug\libU8g.a(u8g_font.o)
 .debug_aranges
                0x000003d8       0x18 ../../../U8g/Debug\libU8g.a(u8g_font_data.o)
 .debug_aranges
                0x000003f0       0x20 ../../../U8g/Debug\libU8g.a(u8g_line.o)
 .debug_aranges
                0x00000410      0x160 ../../../U8g/Debug\libU8g.a(u8g_ll_api.o)
 .debug_aranges
                0x00000570       0x50 ../../../U8g/Debug\libU8g.a(u8g_pb.o)
 .debug_aranges
                0x000005c0       0x48 ../../../U8g/Debug\libU8g.a(u8g_pb8v1.o)
 .debug_aranges
                0x00000608       0x60 ../../../U8g/Debug\libU8g.a(u8g_rect.o)
 .debug_aranges
                0x00000668       0x30 ../../../U8g/Debug\libU8g.a(u8g_state.o)
 .debug_aranges
                0x00000698       0x20 ../../../U8g/Debug\libU8g.a(u8g_clip.o)
 .debug_aranges
                0x000006b8       0x68 ../../../U8g/Debug\libU8g.a(u8g_com_api.o)
 .debug_aranges
                0x00000720       0x20 ../../../U8g/Debug\libU8g.a(u8g_com_atmega_hw_spi.o)
 .debug_aranges
                0x00000740       0x30 ../../../U8g/Debug\libU8g.a(u8g_page.o)

.debug_pubnames
 *(.debug_pubnames)

.debug_info     0x00000000    0x15173
 *(.debug_info .gnu.linkonce.wi.*)
 .debug_info    0x00000000     0x2233 Solder_station_v1.o
 .debug_info    0x00002233      0x9a0 ../../../U8g/Debug\libU8g.a(u8g_com_io.o)
 .debug_info    0x00002bd3      0x134 ../../../U8g/Debug\libU8g.a(u8g_delay.o)
 .debug_info    0x00002d07     0x1608 ../../../U8g/Debug\libU8g.a(u8g_dev_ssd1306_128x64.o)
 .debug_info    0x0000430f     0x447f ../../../U8g/Debug\libU8g.a(u8g_font.o)
 .debug_info    0x0000878e     0x3f84 ../../../U8g/Debug\libU8g.a(u8g_font_data.o)
 .debug_info    0x0000c712      0x598 ../../../U8g/Debug\libU8g.a(u8g_line.o)
 .debug_info    0x0000ccaa     0x400f ../../../U8g/Debug\libU8g.a(u8g_ll_api.o)
 .debug_info    0x00010cb9      0x97a ../../../U8g/Debug\libU8g.a(u8g_pb.o)
 .debug_info    0x00011633      0x942 ../../../U8g/Debug\libU8g.a(u8g_pb8v1.o)
 .debug_info    0x00011f75     0x13f1 ../../../U8g/Debug\libU8g.a(u8g_rect.o)
 .debug_info    0x00013366      0x522 ../../../U8g/Debug\libU8g.a(u8g_state.o)
 .debug_info    0x00013888      0x548 ../../../U8g/Debug\libU8g.a(u8g_clip.o)
 .debug_info    0x00013dd0      0xb7c ../../../U8g/Debug\libU8g.a(u8g_com_api.o)
 .debug_info    0x0001494c      0x682 ../../../U8g/Debug\libU8g.a(u8g_com_atmega_hw_spi.o)
 .debug_info    0x00014fce      0x1a5 ../../../U8g/Debug\libU8g.a(u8g_page.o)

.debug_abbrev   0x00000000     0x22c8
 *(.debug_abbrev)
 .debug_abbrev  0x00000000      0x419 Solder_station_v1.o
 .debug_abbrev  0x00000419      0x2ca ../../../U8g/Debug\libU8g.a(u8g_com_io.o)
 .debug_abbrev  0x000006e3       0xb0 ../../../U8g/Debug\libU8g.a(u8g_delay.o)
 .debug_abbrev  0x00000793      0x1f9 ../../../U8g/Debug\libU8g.a(u8g_dev_ssd1306_128x64.o)
 .debug_abbrev  0x0000098c      0x499 ../../../U8g/Debug\libU8g.a(u8g_font.o)
 .debug_abbrev  0x00000e25       0x88 ../../../U8g/Debug\libU8g.a(u8g_font_data.o)
 .debug_abbrev  0x00000ead      0x16b ../../../U8g/Debug\libU8g.a(u8g_line.o)
 .debug_abbrev  0x00001018      0x3cc ../../../U8g/Debug\libU8g.a(u8g_ll_api.o)
 .debug_abbrev  0x000013e4      0x23a ../../../U8g/Debug\libU8g.a(u8g_pb.o)
 .debug_abbrev  0x0000161e      0x279 ../../../U8g/Debug\libU8g.a(u8g_pb8v1.o)
 .debug_abbrev  0x00001897      0x23c ../../../U8g/Debug\libU8g.a(u8g_rect.o)
 .debug_abbrev  0x00001ad3      0x16f ../../../U8g/Debug\libU8g.a(u8g_state.o)
 .debug_abbrev  0x00001c42      0x16e ../../../U8g/Debug\libU8g.a(u8g_clip.o)
 .debug_abbrev  0x00001db0      0x23c ../../../U8g/Debug\libU8g.a(u8g_com_api.o)
 .debug_abbrev  0x00001fec      0x1f4 ../../../U8g/Debug\libU8g.a(u8g_com_atmega_hw_spi.o)
 .debug_abbrev  0x000021e0       0xe8 ../../../U8g/Debug\libU8g.a(u8g_page.o)

.debug_line     0x00000000     0x2b21
 *(.debug_line .debug_line.* .debug_line_end)
 .debug_line    0x00000000      0x5f8 Solder_station_v1.o
 .debug_line    0x000005f8      0x268 ../../../U8g/Debug\libU8g.a(u8g_com_io.o)
 .debug_line    0x00000860      0x160 ../../../U8g/Debug\libU8g.a(u8g_delay.o)
 .debug_line    0x000009c0      0x19a ../../../U8g/Debug\libU8g.a(u8g_dev_ssd1306_128x64.o)
 .debug_line    0x00000b5a      0xb54 ../../../U8g/Debug\libU8g.a(u8g_font.o)
 .debug_line    0x000016ae       0xac ../../../U8g/Debug\libU8g.a(u8g_font_data.o)
 .debug_line    0x0000175a       0xf9 ../../../U8g/Debug\libU8g.a(u8g_line.o)
 .debug_line    0x00001853      0x7ea ../../../U8g/Debug\libU8g.a(u8g_ll_api.o)
 .debug_line    0x0000203d      0x18b ../../../U8g/Debug\libU8g.a(u8g_pb.o)
 .debug_line    0x000021c8      0x19b ../../../U8g/Debug\libU8g.a(u8g_pb8v1.o)
 .debug_line    0x00002363      0x25c ../../../U8g/Debug\libU8g.a(u8g_rect.o)
 .debug_line    0x000025bf       0xe1 ../../../U8g/Debug\libU8g.a(u8g_state.o)
 .debug_line    0x000026a0       0xda ../../../U8g/Debug\libU8g.a(u8g_clip.o)
 .debug_line    0x0000277a      0x19d ../../../U8g/Debug\libU8g.a(u8g_com_api.o)
 .debug_line    0x00002917      0x120 ../../../U8g/Debug\libU8g.a(u8g_com_atmega_hw_spi.o)
 .debug_line    0x00002a37       0xea ../../../U8g/Debug\libU8g.a(u8g_page.o)

.debug_frame    0x00000000     0x1cf8
 *(.debug_frame)
 .debug_frame   0x00000000      0x3b0 Solder_station_v1.o
 .debug_frame   0x000003b0      0x11c ../../../U8g/Debug\libU8g.a(u8g_com_io.o)
 .debug_frame   0x000004cc       0x44 ../../../U8g/Debug\libU8g.a(u8g_delay.o)
 .debug_frame   0x00000510      0x160 ../../../U8g/Debug\libU8g.a(u8g_dev_ssd1306_128x64.o)
 .debug_frame   0x00000670      0xa5c ../../../U8g/Debug\libU8g.a(u8g_font.o)
 .debug_frame   0x000010cc       0x54 ../../../U8g/Debug\libU8g.a(u8g_line.o)
 .debug_frame   0x00001120      0x5e4 ../../../U8g/Debug\libU8g.a(u8g_ll_api.o)
 .debug_frame   0x00001704       0x84 ../../../U8g/Debug\libU8g.a(u8g_pb.o)
 .debug_frame   0x00001788       0xd8 ../../../U8g/Debug\libU8g.a(u8g_pb8v1.o)
 .debug_frame   0x00001860      0x2c0 ../../../U8g/Debug\libU8g.a(u8g_rect.o)
 .debug_frame   0x00001b20       0x44 ../../../U8g/Debug\libU8g.a(u8g_state.o)
 .debug_frame   0x00001b64       0x2c ../../../U8g/Debug\libU8g.a(u8g_clip.o)
 .debug_frame   0x00001b90       0xec ../../../U8g/Debug\libU8g.a(u8g_com_api.o)
 .debug_frame   0x00001c7c       0x38 ../../../U8g/Debug\libU8g.a(u8g_com_atmega_hw_spi.o)
 .debug_frame   0x00001cb4       0x44 ../../../U8g/Debug\libU8g.a(u8g_page.o)

.debug_str      0x00000000     0x3b3e
 *(.debug_str)
 .debug_str     0x00000000      0xa1b Solder_station_v1.o
                                0xb13 (size before relaxing)
 .debug_str     0x00000a1b      0x1a8 ../../../U8g/Debug\libU8g.a(u8g_com_io.o)
                                0x467 (size before relaxing)
 .debug_str     0x00000bc3       0x47 ../../../U8g/Debug\libU8g.a(u8g_delay.o)
                                0x178 (size before relaxing)
 .debug_str     0x00000c0a      0x751 ../../../U8g/Debug\libU8g.a(u8g_dev_ssd1306_128x64.o)
                                0xae6 (size before relaxing)
 .debug_str     0x0000135b      0x75b ../../../U8g/Debug\libU8g.a(u8g_font.o)
                                0xb24 (size before relaxing)
 .debug_str     0x00001ab6     0x1a75 ../../../U8g/Debug\libU8g.a(u8g_font_data.o)
                               0x1bdb (size before relaxing)
 .debug_str     0x0000352b       0x1d ../../../U8g/Debug\libU8g.a(u8g_line.o)
                                0x3a0 (size before relaxing)
 .debug_str     0x00003548      0x29b ../../../U8g/Debug\libU8g.a(u8g_ll_api.o)
                                0x6c5 (size before relaxing)
 .debug_str     0x000037e3       0xa3 ../../../U8g/Debug\libU8g.a(u8g_pb.o)
                                0x497 (size before relaxing)
 .debug_str     0x00003886       0x9f ../../../U8g/Debug\libU8g.a(u8g_pb8v1.o)
                                0x4a6 (size before relaxing)
 .debug_str     0x00003925       0x88 ../../../U8g/Debug\libU8g.a(u8g_rect.o)
                                0x433 (size before relaxing)
 .debug_str     0x000039ad       0x6c ../../../U8g/Debug\libU8g.a(u8g_state.o)
                                0x3dd (size before relaxing)
 .debug_str     0x00003a19       0x32 ../../../U8g/Debug\libU8g.a(u8g_clip.o)
                                0x3a6 (size before relaxing)
 .debug_str     0x00003a4b       0x7c ../../../U8g/Debug\libU8g.a(u8g_com_api.o)
                                0x463 (size before relaxing)
 .debug_str     0x00003ac7       0x59 ../../../U8g/Debug\libU8g.a(u8g_com_atmega_hw_spi.o)
                                0x409 (size before relaxing)
 .debug_str     0x00003b20       0x1e ../../../U8g/Debug\libU8g.a(u8g_page.o)
                                0x1b1 (size before relaxing)

.debug_loc      0x00000000    0x1140a
 *(.debug_loc)
 .debug_loc     0x00000000      0xd6a Solder_station_v1.o
 .debug_loc     0x00000d6a      0x8b2 ../../../U8g/Debug\libU8g.a(u8g_com_io.o)
 .debug_loc     0x0000161c       0x66 ../../../U8g/Debug\libU8g.a(u8g_delay.o)
 .debug_loc     0x00001682      0xcdc ../../../U8g/Debug\libU8g.a(u8g_dev_ssd1306_128x64.o)
 .debug_loc     0x0000235e     0x67a6 ../../../U8g/Debug\libU8g.a(u8g_font.o)
 .debug_loc     0x00008b04      0x3a7 ../../../U8g/Debug\libU8g.a(u8g_line.o)
 .debug_loc     0x00008eab     0x4756 ../../../U8g/Debug\libU8g.a(u8g_ll_api.o)
 .debug_loc     0x0000d601      0x72d ../../../U8g/Debug\libU8g.a(u8g_pb.o)
 .debug_loc     0x0000dd2e      0x90e ../../../U8g/Debug\libU8g.a(u8g_pb8v1.o)
 .debug_loc     0x0000e63c     0x1cd6 ../../../U8g/Debug\libU8g.a(u8g_rect.o)
 .debug_loc     0x00010312       0x9b ../../../U8g/Debug\libU8g.a(u8g_state.o)
 .debug_loc     0x000103ad      0x2b8 ../../../U8g/Debug\libU8g.a(u8g_clip.o)
 .debug_loc     0x00010665      0x87f ../../../U8g/Debug\libU8g.a(u8g_com_api.o)
 .debug_loc     0x00010ee4      0x439 ../../../U8g/Debug\libU8g.a(u8g_com_atmega_hw_spi.o)
 .debug_loc     0x0001131d       0xed ../../../U8g/Debug\libU8g.a(u8g_page.o)

.debug_macinfo
 *(.debug_macinfo)

.debug_weaknames
 *(.debug_weaknames)

.debug_funcnames
 *(.debug_funcnames)

.debug_typenames
 *(.debug_typenames)

.debug_varnames
 *(.debug_varnames)

.debug_pubtypes
 *(.debug_pubtypes)

.debug_ranges   0x00000000      0xc20
 *(.debug_ranges)
 .debug_ranges  0x00000000       0xe0 Solder_station_v1.o
 .debug_ranges  0x000000e0       0x58 ../../../U8g/Debug\libU8g.a(u8g_com_io.o)
 .debug_ranges  0x00000138       0x20 ../../../U8g/Debug\libU8g.a(u8g_delay.o)
 .debug_ranges  0x00000158       0x78 ../../../U8g/Debug\libU8g.a(u8g_dev_ssd1306_128x64.o)
 .debug_ranges  0x000001d0      0x4e8 ../../../U8g/Debug\libU8g.a(u8g_font.o)
 .debug_ranges  0x000006b8       0x10 ../../../U8g/Debug\libU8g.a(u8g_line.o)
 .debug_ranges  0x000006c8      0x268 ../../../U8g/Debug\libU8g.a(u8g_ll_api.o)
 .debug_ranges  0x00000930       0x78 ../../../U8g/Debug\libU8g.a(u8g_pb.o)
 .debug_ranges  0x000009a8       0x50 ../../../U8g/Debug\libU8g.a(u8g_pb8v1.o)
 .debug_ranges  0x000009f8       0xf8 ../../../U8g/Debug\libU8g.a(u8g_rect.o)
 .debug_ranges  0x00000af0       0x20 ../../../U8g/Debug\libU8g.a(u8g_state.o)
 .debug_ranges  0x00000b10       0x40 ../../../U8g/Debug\libU8g.a(u8g_clip.o)
 .debug_ranges  0x00000b50       0x88 ../../../U8g/Debug\libU8g.a(u8g_com_api.o)
 .debug_ranges  0x00000bd8       0x28 ../../../U8g/Debug\libU8g.a(u8g_com_atmega_hw_spi.o)
 .debug_ranges  0x00000c00       0x20 ../../../U8g/Debug\libU8g.a(u8g_page.o)

.debug_macro
 *(.debug_macro)
OUTPUT(Solder_station_v1.elf elf32-avr)
LOAD linker stubs
